turkey turkey
turkey bathtub
turkey padding
turkey infant
turkey empire
turkey label
turkey valve
turkey ox
turkey summit
turkey chemist
turkey pedal
turkey convict
turkey table
turkey cowboy
turkey bison
turkey handbag
turkey dresser
turkey mattress
turkey egypt
turkey temple
turkey clothes
turkey zipper
turkey sponge
turkey bucket
bathtub turkey
bathtub bathtub
bathtub padding
bathtub infant
bathtub empire
bathtub label
bathtub valve
bathtub ox
bathtub summit
bathtub chemist
bathtub pedal
bathtub convict
bathtub table
bathtub cowboy
bathtub bison
bathtub handbag
bathtub dresser
bathtub mattress
bathtub egypt
bathtub temple
bathtub clothes
bathtub zipper
bathtub sponge
bathtub bucket
padding turkey
padding bathtub
padding padding
padding infant
padding empire
padding label
padding valve
padding ox
padding summit
padding chemist
padding pedal
padding convict
padding table
padding cowboy
padding bison
padding handbag
padding dresser
padding mattress
padding egypt
padding temple
padding clothes
padding zipper
padding sponge
padding bucket
infant turkey
infant bathtub
infant padding
infant infant
infant empire
infant label
infant valve
infant ox
infant summit
infant chemist
infant pedal
infant convict
infant table
infant cowboy
infant bison
infant handbag
infant dresser
infant mattress
infant egypt
infant temple
infant clothes
infant zipper
infant sponge
infant bucket
empire turkey
empire bathtub
empire padding
empire infant
empire empire
empire label
empire valve
empire ox
empire summit
empire chemist
empire pedal
empire convict
empire table
empire cowboy
empire bison
empire handbag
empire dresser
empire mattress
empire egypt
empire temple
empire clothes
empire zipper
empire sponge
empire bucket
label turkey
label bathtub
label padding
label infant
label empire
label label
label valve
label ox
label summit
label chemist
label pedal
label convict
label table
label cowboy
label bison
label handbag
label dresser
label mattress
label egypt
label temple
label clothes
label zipper
label sponge
label bucket
valve turkey
valve bathtub
valve padding
valve infant
valve empire
valve label
valve valve
valve ox
valve summit
valve chemist
valve pedal
valve convict
valve table
valve cowboy
valve bison
valve handbag
valve dresser
valve mattress
valve egypt
valve temple
valve clothes
valve zipper
valve sponge
valve bucket
ox turkey
ox bathtub
ox padding
ox infant
ox empire
ox label
ox valve
ox ox
ox summit
ox chemist
ox pedal
ox convict
ox table
ox cowboy
ox bison
ox handbag
ox dresser
ox mattress
ox egypt
ox temple
ox clothes
ox zipper
ox sponge
ox bucket
summit turkey
summit bathtub
summit padding
summit infant
summit empire
summit label
summit valve
summit ox
summit summit
summit chemist
summit pedal
summit convict
summit table
summit cowboy
summit bison
summit handbag
summit dresser
summit mattress
summit egypt
summit temple
summit clothes
summit zipper
summit sponge
summit bucket
chemist turkey
chemist bathtub
chemist padding
chemist infant
chemist empire
chemist label
chemist valve
chemist ox
chemist summit
chemist chemist
chemist pedal
chemist convict
chemist table
chemist cowboy
chemist bison
chemist handbag
chemist dresser
chemist mattress
chemist egypt
chemist temple
chemist clothes
chemist zipper
chemist sponge
chemist bucket
pedal turkey
pedal bathtub
pedal padding
pedal infant
pedal empire
pedal label
pedal valve
pedal ox
pedal summit
pedal chemist
pedal pedal
pedal convict
pedal table
pedal cowboy
pedal bison
pedal handbag
pedal dresser
pedal mattress
pedal egypt
pedal temple
pedal clothes
pedal zipper
pedal sponge
pedal bucket
convict turkey
convict bathtub
convict padding
convict infant
convict empire
convict label
convict valve
convict ox
convict summit
convict chemist
convict pedal
convict convict
convict table
convict cowboy
convict bison
convict handbag
convict dresser
convict mattress
convict egypt
convict temple
convict clothes
convict zipper
convict sponge
convict bucket
table turkey
table bathtub
table padding
table infant
table empire
table label
table valve
table ox
table summit
table chemist
table pedal
table convict
table table
table cowboy
table bison
table handbag
table dresser
table mattress
table egypt
table temple
table clothes
table zipper
table sponge
table bucket
cowboy turkey
cowboy bathtub
cowboy padding
cowboy infant
cowboy empire
cowboy label
cowboy valve
cowboy ox
cowboy summit
cowboy chemist
cowboy pedal
cowboy convict
cowboy table
cowboy cowboy
cowboy bison
cowboy handbag
cowboy dresser
cowboy mattress
cowboy egypt
cowboy temple
cowboy clothes
cowboy zipper
cowboy sponge
cowboy bucket
bison turkey
bison bathtub
bison padding
bison infant
bison empire
bison label
bison valve
bison ox
bison summit
bison chemist
bison pedal
bison convict
bison table
bison cowboy
bison bison
bison handbag
bison dresser
bison mattress
bison egypt
bison temple
bison clothes
bison zipper
bison sponge
bison bucket
handbag turkey
handbag bathtub
handbag padding
handbag infant
handbag empire
handbag label
handbag valve
handbag ox
handbag summit
handbag chemist
handbag pedal
handbag convict
handbag table
handbag cowboy
handbag bison
handbag handbag
handbag dresser
handbag mattress
handbag egypt
handbag temple
handbag clothes
handbag zipper
handbag sponge
handbag bucket
dresser turkey
dresser bathtub
dresser padding
dresser infant
dresser empire
dresser label
dresser valve
dresser ox
dresser summit
dresser chemist
dresser pedal
dresser convict
dresser table
dresser cowboy
dresser bison
dresser handbag
dresser dresser
dresser mattress
dresser egypt
dresser temple
dresser clothes
dresser zipper
dresser sponge
dresser bucket
mattress turkey
mattress bathtub
mattress padding
mattress infant
mattress empire
mattress label
mattress valve
mattress ox
mattress summit
mattress chemist
mattress pedal
mattress convict
mattress table
mattress cowboy
mattress bison
mattress handbag
mattress dresser
mattress mattress
mattress egypt
mattress temple
mattress clothes
mattress zipper
mattress sponge
mattress bucket
egypt turkey
egypt bathtub
egypt padding
egypt infant
egypt empire
egypt label
egypt valve
egypt ox
egypt summit
egypt chemist
egypt pedal
egypt convict
egypt table
egypt cowboy
egypt bison
egypt handbag
egypt dresser
egypt mattress
egypt egypt
egypt temple
egypt clothes
egypt zipper
egypt sponge
egypt bucket
temple turkey
temple bathtub
temple padding
temple infant
temple empire
temple label
temple valve
temple ox
temple summit
temple chemist
temple pedal
temple convict
temple table
temple cowboy
temple bison
temple handbag
temple dresser
temple mattress
temple egypt
temple temple
temple clothes
temple zipper
temple sponge
temple bucket
clothes turkey
clothes bathtub
clothes padding
clothes infant
clothes empire
clothes label
clothes valve
clothes ox
clothes summit
clothes chemist
clothes pedal
clothes convict
clothes table
clothes cowboy
clothes bison
clothes handbag
clothes dresser
clothes mattress
clothes egypt
clothes temple
clothes clothes
clothes zipper
clothes sponge
clothes bucket
zipper turkey
zipper bathtub
zipper padding
zipper infant
zipper empire
zipper label
zipper valve
zipper ox
zipper summit
zipper chemist
zipper pedal
zipper convict
zipper table
zipper cowboy
zipper bison
zipper handbag
zipper dresser
zipper mattress
zipper egypt
zipper temple
zipper clothes
zipper zipper
zipper sponge
zipper bucket
sponge turkey
sponge bathtub
sponge padding
sponge infant
sponge empire
sponge label
sponge valve
sponge ox
sponge summit
sponge chemist
sponge pedal
sponge convict
sponge table
sponge cowboy
sponge bison
sponge handbag
sponge dresser
sponge mattress
sponge egypt
sponge temple
sponge clothes
sponge zipper
sponge sponge
sponge bucket
bucket turkey
bucket bathtub
bucket padding
bucket infant
bucket empire
bucket label
bucket valve
bucket ox
bucket summit
bucket chemist
bucket pedal
bucket convict
bucket table
bucket cowboy
bucket bison
bucket handbag
bucket dresser
bucket mattress
bucket egypt
bucket temple
bucket clothes
bucket zipper
bucket sponge
bucket bucket
